// Jest Snapshot v1, https://goo.gl/fbAQLP

exports[`Test <GifGrid /> should show <GifGrid /> success 1`] = `
<Fragment>
  <h3>
    back to the future
  </h3>
  <div
    className="container"
  >
    <h3
      className="animate__animated animate__flash"
    >
      Loading...
    </h3>
  </div>
</Fragment>
`;
